// Jest Snapshot v1, https://goo.gl/fbAQLP

exports[`displays message correctly 1`] = `
<small>
  <div
    className="alert alert-success"
  >
    message
  </div>
</small>
`;
