// Jest Snapshot v1, https://goo.gl/fbAQLP

exports[`displays page correctly 1`] = `
<div>
  <div
    className="btn-group float-right bg-dark mr-2 rounded sm"
  >
    <a
      className="text-light text-decoration-none"
      href="/"
    >
      <button
        className="btn btn-dark"
      >
        Home
      </button>
    </a>
  </div>
  <h1
    className="p-4 border border-left-0 border-top-0 border-right-0"
  >
    Sign Up
  </h1>
  <form
    className="p-4"
    onSubmit={[Function]}
  >
    <small />
    <div
      className="form-group"
    >
      <label>
        Username:
      </label>
      <input
        className="form-control"
        onChange={[Function]}
        type="text"
      />
    </div>
    <div
      className="form-group"
    >
      <label>
        Email:
      </label>
      <input
        className="form-control"
        onChange={[Function]}
        type="email"
      />
    </div>
    <div
      className="form-group"
    >
      <label>
        Password:
      </label>
      <input
        className="form-control"
        onChange={[Function]}
        type="password"
      />
    </div>
    <div
      className="form-group"
    >
      <label>
        Confirm Password:
      </label>
      <input
        className="form-control"
        onChange={[Function]}
        type="password"
      />
    </div>
    <div
      className="d-flex justify-content-end"
    >
      <input
        className="btn btn-info mt-2"
        type="submit"
        value="Submit"
      />
    </div>
  </form>
</div>
`;
