// Jest Snapshot v1, https://goo.gl/fbAQLP

exports[`displays page correctly 1`] = `
Array [
  <div
    className="btn-group float-right bg-dark mr-2 rounded sm"
  >
    <a
      className="text-light text-decoration-none"
      href="/login"
    >
      <button
        className="btn btn-dark"
      >
        Log In
      </button>
    </a>
    <a
      className="text-light text-decoration-none"
      href="/signup"
    >
      <button
        className="btn btn-dark"
      >
        Sign Up
      </button>
    </a>
  </div>,
  <h1
    className="display-4 p-4 border border-left-0 border-top-0 border-right-0"
  >
    WallÂ App
  </h1>,
  <div
    className="font-italic mb-2 d-flex justify-content-center"
  >
    Please log in to post on the wall.
  </div>,
  <div />,
  <div
    className="font-italic pb-4 mb-2 d-flex justify-content-center"
  >
    Nothing has been posted yet.
  </div>,
]
`;
